\BOOKMARK [0][-]{chapter*.1}{\376\377\000D\000e\000d\000i\000c\000a\000t\000i\000o\000n}{}% 1
\BOOKMARK [0][-]{chapter*.2}{\376\377\000A\000c\000k\000n\000o\000w\000l\000e\000d\000g\000e\000m\000e\000n\000t\000s}{}% 2
\BOOKMARK [0][-]{chapter*.3}{\376\377\000R\000\351\000s\000u\000m\000\351}{}% 3
\BOOKMARK [0][-]{chapter*.4}{\376\377\000A\000b\000s\000t\000r\000a\000c\000t}{}% 4
\BOOKMARK [0][-]{chapter*.6}{\376\377\000L\000i\000s\000t\000\040\000o\000f\000\040\000F\000i\000g\000u\000r\000e\000s}{}% 5
\BOOKMARK [0][-]{chapter*.7}{\376\377\000L\000i\000s\000t\000\040\000o\000f\000\040\000T\000a\000b\000l\000e\000s}{}% 6
\BOOKMARK [0][-]{chapter*.8}{\376\377\000L\000i\000s\000t\000\040\000o\000f\000\040\000A\000c\000r\000o\000n\000y\000m\000s}{}% 7
\BOOKMARK [0][-]{chapter*.9}{\376\377\000G\000e\000n\000e\000r\000a\000l\000\040\000I\000n\000t\000r\000o\000d\000u\000c\000t\000i\000o\000n}{}% 8
\BOOKMARK [0][-]{chapter.1}{\376\377\000C\000l\000o\000u\000d\000\040\000C\000o\000m\000p\000u\000t\000i\000n\000g\000:\000\040\000F\000o\000u\000n\000d\000a\000t\000i\000o\000n\000s\000\040\000a\000n\000d\000\040\000S\000e\000c\000u\000r\000i\000t\000y}{}% 9
\BOOKMARK [1][-]{section.1.1}{\376\377\000I\000n\000t\000r\000o\000d\000u\000c\000t\000i\000o\000n}{chapter.1}% 10
\BOOKMARK [1][-]{section.1.2}{\376\377\000D\000e\000f\000i\000n\000i\000t\000i\000o\000n\000\040\000a\000n\000d\000\040\000E\000s\000s\000e\000n\000t\000i\000a\000l\000\040\000C\000h\000a\000r\000a\000c\000t\000e\000r\000i\000s\000t\000i\000c\000s}{chapter.1}% 11
\BOOKMARK [1][-]{section.1.3}{\376\377\000C\000l\000o\000u\000d\000\040\000S\000e\000r\000v\000i\000c\000e\000\040\000M\000o\000d\000e\000l\000s}{chapter.1}% 12
\BOOKMARK [2][-]{subsection.1.3.1}{\376\377\000I\000n\000f\000r\000a\000s\000t\000r\000u\000c\000t\000u\000r\000e\000\040\000a\000s\000\040\000a\000\040\000S\000e\000r\000v\000i\000c\000e}{section.1.3}% 13
\BOOKMARK [2][-]{subsection.1.3.2}{\376\377\000P\000l\000a\000t\000f\000o\000r\000m\000\040\000a\000s\000\040\000a\000\040\000S\000e\000r\000v\000i\000c\000e}{section.1.3}% 14
\BOOKMARK [2][-]{subsection.1.3.3}{\376\377\000S\000o\000f\000t\000w\000a\000r\000e\000\040\000a\000s\000\040\000a\000\040\000S\000e\000r\000v\000i\000c\000e}{section.1.3}% 15
\BOOKMARK [2][-]{subsection.1.3.4}{\376\377\000S\000h\000a\000r\000e\000d\000\040\000r\000e\000s\000p\000o\000n\000s\000i\000b\000i\000l\000i\000t\000y\000\040\000b\000o\000u\000n\000d\000a\000r\000y}{section.1.3}% 16
\BOOKMARK [1][-]{section.1.4}{\376\377\000C\000l\000o\000u\000d\000\040\000D\000e\000p\000l\000o\000y\000m\000e\000n\000t\000\040\000M\000o\000d\000e\000l\000s}{chapter.1}% 17
\BOOKMARK [2][-]{subsection.1.4.1}{\376\377\000P\000u\000b\000l\000i\000c\000\040\000c\000l\000o\000u\000d}{section.1.4}% 18
\BOOKMARK [2][-]{subsection.1.4.2}{\376\377\000P\000r\000i\000v\000a\000t\000e\000\040\000c\000l\000o\000u\000d}{section.1.4}% 19
\BOOKMARK [2][-]{subsection.1.4.3}{\376\377\000H\000y\000b\000r\000i\000d\000\040\000c\000l\000o\000u\000d}{section.1.4}% 20
\BOOKMARK [1][-]{section.1.5}{\376\377\000C\000l\000o\000u\000d\000\040\000A\000r\000c\000h\000i\000t\000e\000c\000t\000u\000r\000e\000\040\000E\000s\000s\000e\000n\000t\000i\000a\000l\000s}{chapter.1}% 21
\BOOKMARK [2][-]{subsection.1.5.1}{\376\377\000V\000i\000r\000t\000u\000a\000l\000i\000s\000a\000t\000i\000o\000n\000\040\000a\000n\000d\000\040\000t\000h\000e\000\040\000h\000y\000p\000e\000r\000v\000i\000s\000o\000r}{section.1.5}% 22
\BOOKMARK [2][-]{subsection.1.5.2}{\376\377\000N\000e\000t\000w\000o\000r\000k\000\040\000m\000o\000d\000e\000l\000:\000\040\000v\000i\000r\000t\000u\000a\000l\000\040\000n\000e\000t\000w\000o\000r\000k\000s\000\040\000a\000n\000d\000\040\000e\000a\000s\000t\000-\000w\000e\000s\000t\000\040\000t\000r\000a\000f\000f\000i\000c}{section.1.5}% 23
\BOOKMARK [1][-]{section.1.6}{\376\377\000S\000e\000c\000u\000r\000i\000t\000y\000\040\000C\000h\000a\000l\000l\000e\000n\000g\000e\000s\000\040\000i\000n\000\040\000C\000l\000o\000u\000d\000\040\000E\000n\000v\000i\000r\000o\000n\000m\000e\000n\000t\000s}{chapter.1}% 24
\BOOKMARK [2][-]{subsection.1.6.1}{\376\377\000M\000i\000s\000c\000o\000n\000f\000i\000g\000u\000r\000a\000t\000i\000o\000n}{section.1.6}% 25
\BOOKMARK [2][-]{subsection.1.6.2}{\376\377\000B\000r\000u\000t\000e\000-\000f\000o\000r\000c\000e\000\040\000a\000t\000t\000a\000c\000k\000s\000\040\000o\000n\000\040\000e\000x\000p\000o\000s\000e\000d\000\040\000s\000e\000r\000v\000i\000c\000e\000s}{section.1.6}% 26
\BOOKMARK [2][-]{subsection.1.6.3}{\376\377\000D\000e\000n\000i\000a\000l\000-\000o\000f\000-\000s\000e\000r\000v\000i\000c\000e\000\040\000a\000t\000t\000a\000c\000k\000s}{section.1.6}% 27
\BOOKMARK [2][-]{subsection.1.6.4}{\376\377\000L\000a\000t\000e\000r\000a\000l\000\040\000m\000o\000v\000e\000m\000e\000n\000t}{section.1.6}% 28
\BOOKMARK [1][-]{section.1.7}{\376\377\000W\000h\000y\000\040\000S\000t\000a\000n\000d\000a\000r\000d\000\040\000S\000e\000c\000u\000r\000i\000t\000y\000\040\000T\000o\000o\000l\000s\000\040\000F\000a\000l\000l\000\040\000S\000h\000o\000r\000t}{chapter.1}% 29
\BOOKMARK [1][-]{section.1.8}{\376\377\000S\000u\000m\000m\000a\000r\000y}{chapter.1}% 30
\BOOKMARK [0][-]{chapter.2}{\376\377\000A\000r\000t\000i\000f\000i\000c\000i\000a\000l\000\040\000I\000n\000t\000e\000l\000l\000i\000g\000e\000n\000c\000e\000\040\000a\000n\000d\000\040\000M\000a\000c\000h\000i\000n\000e\000\040\000L\000e\000a\000r\000n\000i\000n\000g}{}% 31
\BOOKMARK [1][-]{section.2.1}{\376\377\000I\000n\000t\000r\000o\000d\000u\000c\000t\000i\000o\000n}{chapter.2}% 32
\BOOKMARK [1][-]{section.2.2}{\376\377\000H\000o\000w\000\040\000M\000a\000c\000h\000i\000n\000e\000\040\000L\000e\000a\000r\000n\000i\000n\000g\000\040\000S\000y\000s\000t\000e\000m\000s\000\040\000L\000e\000a\000r\000n}{chapter.2}% 33
\BOOKMARK [2][-]{subsection.2.2.1}{\376\377\000S\000u\000p\000e\000r\000v\000i\000s\000e\000d\000\040\000l\000e\000a\000r\000n\000i\000n\000g}{section.2.2}% 34
\BOOKMARK [2][-]{subsection.2.2.2}{\376\377\000U\000n\000s\000u\000p\000e\000r\000v\000i\000s\000e\000d\000\040\000l\000e\000a\000r\000n\000i\000n\000g}{section.2.2}% 35
\BOOKMARK [2][-]{subsection.2.2.3}{\376\377\000A\000\040\000q\000u\000i\000c\000k\000\040\000n\000o\000t\000e\000\040\000o\000n\000\040\000s\000e\000m\000i\000-\000s\000u\000p\000e\000r\000v\000i\000s\000e\000d\000\040\000l\000e\000a\000r\000n\000i\000n\000g}{section.2.2}% 36
\BOOKMARK [1][-]{section.2.3}{\376\377\000H\000o\000w\000\040\000a\000\040\000M\000o\000d\000e\000l\000\040\000A\000c\000t\000u\000a\000l\000l\000y\000\040\000G\000e\000t\000s\000\040\000B\000u\000i\000l\000t}{chapter.2}% 37
\BOOKMARK [2][-]{subsection.2.3.1}{\376\377\000H\000o\000w\000\040\000d\000o\000\040\000y\000o\000u\000\040\000k\000n\000o\000w\000\040\000i\000f\000\040\000i\000t\000'\000s\000\040\000a\000n\000y\000\040\000g\000o\000o\000d\000?}{section.2.3}% 38
\BOOKMARK [1][-]{section.2.4}{\376\377\000C\000l\000a\000s\000s\000i\000c\000a\000l\000\040\000A\000l\000g\000o\000r\000i\000t\000h\000m\000s\000:\000\040\000T\000r\000e\000e\000s\000\040\000a\000n\000d\000\040\000F\000o\000r\000e\000s\000t\000s}{chapter.2}% 39
\BOOKMARK [2][-]{subsection.2.4.1}{\376\377\000D\000e\000c\000i\000s\000i\000o\000n\000\040\000t\000r\000e\000e\000s}{section.2.4}% 40
\BOOKMARK [2][-]{subsection.2.4.2}{\376\377\000R\000a\000n\000d\000o\000m\000\040\000F\000o\000r\000e\000s\000t}{section.2.4}% 41
\BOOKMARK [2][-]{subsection.2.4.3}{\376\377\000A\000\040\000b\000r\000i\000e\000f\000\040\000w\000o\000r\000d\000\040\000o\000n\000\040\000o\000t\000h\000e\000r\000\040\000c\000l\000a\000s\000s\000i\000c\000a\000l\000\040\000m\000e\000t\000h\000o\000d\000s}{section.2.4}% 42
\BOOKMARK [1][-]{section.2.5}{\376\377\000N\000e\000u\000r\000a\000l\000\040\000N\000e\000t\000w\000o\000r\000k\000s\000\040\000a\000n\000d\000\040\000D\000e\000e\000p\000\040\000L\000e\000a\000r\000n\000i\000n\000g}{chapter.2}% 43
\BOOKMARK [2][-]{subsection.2.5.1}{\376\377\000W\000h\000y\000\040\000n\000e\000u\000r\000a\000l\000\040\000n\000e\000t\000w\000o\000r\000k\000s\000\040\000t\000o\000o\000k\000\040\000o\000v\000e\000r}{section.2.5}% 44
\BOOKMARK [2][-]{subsection.2.5.2}{\376\377\000C\000o\000n\000v\000o\000l\000u\000t\000i\000o\000n\000a\000l\000\040\000n\000e\000t\000w\000o\000r\000k\000s}{section.2.5}% 45
\BOOKMARK [2][-]{subsection.2.5.3}{\376\377\000S\000e\000q\000u\000e\000n\000c\000e\000\040\000a\000w\000a\000r\000e\000\040\000n\000e\000t\000w\000o\000r\000k\000s}{section.2.5}% 46
\BOOKMARK [2][-]{subsection.2.5.4}{\376\377\000T\000h\000e\000\040\000t\000r\000a\000d\000e\000-\000o\000f\000f\000\040\000n\000e\000u\000r\000a\000l\000\040\000n\000e\000t\000w\000o\000r\000k\000s\000\040\000b\000r\000i\000n\000g}{section.2.5}% 47
\BOOKMARK [1][-]{section.2.6}{\376\377\000M\000a\000k\000i\000n\000g\000\040\000M\000o\000d\000e\000l\000\040\000D\000e\000c\000i\000s\000i\000o\000n\000s\000\040\000U\000n\000d\000e\000r\000s\000t\000a\000n\000d\000a\000b\000l\000e}{chapter.2}% 48
\BOOKMARK [2][-]{subsection.2.6.1}{\376\377\000T\000h\000e\000\040\000p\000r\000o\000b\000l\000e\000m\000\040\000i\000n\000\040\000p\000l\000a\000i\000n\000\040\000t\000e\000r\000m\000s}{section.2.6}% 49
\BOOKMARK [2][-]{subsection.2.6.2}{\376\377\000S\000H\000A\000P\000\040\000v\000a\000l\000u\000e\000s}{section.2.6}% 50
\BOOKMARK [1][-]{section.2.7}{\376\377\000S\000u\000m\000m\000a\000r\000y}{chapter.2}% 51
\BOOKMARK [0][-]{chapter.3}{\376\377\000I\000n\000t\000r\000u\000s\000i\000o\000n\000\040\000D\000e\000t\000e\000c\000t\000i\000o\000n\000\040\000S\000y\000s\000t\000e\000m\000s}{}% 52
\BOOKMARK [1][-]{section.3.1}{\376\377\000I\000n\000t\000r\000o\000d\000u\000c\000t\000i\000o\000n}{chapter.3}% 53
\BOOKMARK [1][-]{section.3.2}{\376\377\000T\000w\000o\000\040\000D\000e\000t\000e\000c\000t\000i\000o\000n\000\040\000P\000h\000i\000l\000o\000s\000o\000p\000h\000i\000e\000s}{chapter.3}% 54
\BOOKMARK [1][-]{section.3.3}{\376\377\000S\000i\000g\000n\000a\000t\000u\000r\000e\000-\000B\000a\000s\000e\000d\000\040\000T\000o\000o\000l\000s\000\040\000i\000n\000\040\000P\000r\000a\000c\000t\000i\000c\000e}{chapter.3}% 55
\BOOKMARK [1][-]{section.3.4}{\376\377\000C\000o\000m\000m\000e\000r\000c\000i\000a\000l\000\040\000C\000l\000o\000u\000d\000-\000N\000a\000t\000i\000v\000e\000\040\000D\000e\000t\000e\000c\000t\000i\000o\000n}{chapter.3}% 56
\BOOKMARK [1][-]{section.3.5}{\376\377\000M\000a\000c\000h\000i\000n\000e\000\040\000L\000e\000a\000r\000n\000i\000n\000g\000\040\000A\000p\000p\000r\000o\000a\000c\000h\000e\000s\000\040\000i\000n\000\040\000R\000e\000s\000e\000a\000r\000c\000h}{chapter.3}% 57
\BOOKMARK [2][-]{subsection.3.5.1}{\376\377\000C\000l\000a\000s\000s\000i\000c\000a\000l\000\040\000m\000a\000c\000h\000i\000n\000e\000\040\000l\000e\000a\000r\000n\000i\000n\000g}{section.3.5}% 58
\BOOKMARK [2][-]{subsection.3.5.2}{\376\377\000S\000u\000p\000e\000r\000v\000i\000s\000e\000d\000\040\000d\000e\000e\000p\000\040\000l\000e\000a\000r\000n\000i\000n\000g}{section.3.5}% 59
\BOOKMARK [2][-]{subsection.3.5.3}{\376\377\000U\000n\000s\000u\000p\000e\000r\000v\000i\000s\000e\000d\000\040\000a\000n\000d\000\040\000g\000e\000n\000e\000r\000a\000t\000i\000v\000e\000\040\000a\000p\000p\000r\000o\000a\000c\000h\000e\000s}{section.3.5}% 60
\BOOKMARK [2][-]{subsection.3.5.4}{\376\377\000E\000m\000e\000r\000g\000i\000n\000g\000\040\000d\000i\000r\000e\000c\000t\000i\000o\000n\000s}{section.3.5}% 61
\BOOKMARK [1][-]{section.3.6}{\376\377\000G\000a\000p\000\040\000A\000n\000a\000l\000y\000s\000i\000s}{chapter.3}% 62
\BOOKMARK [1][-]{section.3.7}{\376\377\000S\000u\000m\000m\000a\000r\000y}{chapter.3}% 63
\BOOKMARK [0][-]{chapter.4}{\376\377\000C\000o\000n\000c\000e\000p\000t\000i\000o\000n\000\040\000o\000f\000\040\000t\000h\000e\000\040\000P\000r\000o\000p\000o\000s\000e\000d\000\040\000S\000y\000s\000t\000e\000m}{}% 64
\BOOKMARK [1][-]{section.4.1}{\376\377\000I\000n\000t\000r\000o\000d\000u\000c\000t\000i\000o\000n}{chapter.4}% 65
\BOOKMARK [1][-]{section.4.2}{\376\377\000O\000v\000e\000r\000a\000l\000l\000\040\000A\000r\000c\000h\000i\000t\000e\000c\000t\000u\000r\000e}{chapter.4}% 66
\BOOKMARK [1][-]{section.4.3}{\376\377\000E\000n\000v\000i\000r\000o\000n\000m\000e\000n\000t\000\040\000D\000e\000s\000i\000g\000n\000\040\000D\000e\000c\000i\000s\000i\000o\000n\000s}{chapter.4}% 67
\BOOKMARK [2][-]{subsection.4.3.1}{\376\377\000A\000\040\000s\000i\000m\000u\000l\000a\000t\000e\000d\000\040\000c\000l\000o\000u\000d\000\040\000r\000a\000t\000h\000e\000r\000\040\000t\000h\000a\000n\000\040\000O\000p\000e\000n\000S\000t\000a\000c\000k}{section.4.3}% 68
\BOOKMARK [2][-]{subsection.4.3.2}{\376\377\000T\000w\000o\000\040\000r\000e\000a\000l\000\040\000m\000a\000c\000h\000i\000n\000e\000s\000\040\000r\000a\000t\000h\000e\000r\000\040\000t\000h\000a\000n\000\040\000a\000\040\000n\000e\000t\000w\000o\000r\000k\000\040\000e\000m\000u\000l\000a\000t\000o\000r}{section.4.3}% 69
\BOOKMARK [2][-]{subsection.4.3.3}{\376\377\000K\000V\000M\000\040\000r\000a\000t\000h\000e\000r\000\040\000t\000h\000a\000n\000\040\000V\000i\000r\000t\000u\000a\000l\000B\000o\000x}{section.4.3}% 70
\BOOKMARK [1][-]{section.4.4}{\376\377\000V\000i\000r\000t\000u\000a\000l\000\040\000M\000a\000c\000h\000i\000n\000e\000\040\000a\000n\000d\000\040\000N\000e\000t\000w\000o\000r\000k\000\040\000D\000e\000s\000i\000g\000n}{chapter.4}% 71
\BOOKMARK [1][-]{section.4.5}{\376\377\000D\000a\000t\000a\000s\000e\000t\000\040\000a\000n\000d\000\040\000F\000e\000a\000t\000u\000r\000e\000\040\000S\000t\000r\000a\000t\000e\000g\000y}{chapter.4}% 72
\BOOKMARK [1][-]{section.4.6}{\376\377\000D\000e\000t\000e\000c\000t\000i\000o\000n\000\040\000M\000o\000d\000e\000l\000\040\000a\000n\000d\000\040\000T\000r\000a\000i\000n\000i\000n\000g\000\040\000M\000e\000t\000h\000o\000d\000o\000l\000o\000g\000y}{chapter.4}% 73
\BOOKMARK [2][-]{subsection.4.6.1}{\376\377\000C\000a\000n\000d\000i\000d\000a\000t\000e\000\040\000m\000o\000d\000e\000l\000s}{section.4.6}% 74
\BOOKMARK [2][-]{subsection.4.6.2}{\376\377\000T\000r\000a\000i\000n\000i\000n\000g\000\040\000o\000f\000f\000l\000i\000n\000e\000,\000\040\000d\000e\000p\000l\000o\000y\000i\000n\000g\000\040\000t\000h\000e\000\040\000r\000e\000s\000u\000l\000t}{section.4.6}% 75
\BOOKMARK [2][-]{subsection.4.6.3}{\376\377\000H\000o\000w\000\040\000t\000h\000e\000\040\000m\000o\000d\000e\000l\000s\000\040\000a\000r\000e\000\040\000j\000u\000d\000g\000e\000d}{section.4.6}% 76
\BOOKMARK [1][-]{section.4.7}{\376\377\000R\000e\000a\000l\000\040\000T\000i\000m\000e\000\040\000D\000e\000t\000e\000c\000t\000i\000o\000n\000\040\000a\000n\000d\000\040\000E\000x\000p\000l\000a\000i\000n\000a\000b\000i\000l\000i\000t\000y}{chapter.4}% 77
\BOOKMARK [1][-]{section.4.8}{\376\377\000S\000u\000m\000m\000a\000r\000y}{chapter.4}% 78
\BOOKMARK [0][-]{chapter.5}{\376\377\000I\000m\000p\000l\000e\000m\000e\000n\000t\000a\000t\000i\000o\000n\000\040\000a\000n\000d\000\040\000E\000x\000p\000e\000r\000i\000m\000e\000n\000t\000a\000l\000\040\000R\000e\000s\000u\000l\000t\000s}{}% 79
\BOOKMARK [1][-]{section.5.1}{\376\377\000I\000n\000t\000r\000o\000d\000u\000c\000t\000i\000o\000n}{chapter.5}% 80
\BOOKMARK [1][-]{section.5.2}{\376\377\000L\000a\000b\000o\000r\000a\000t\000o\000r\000y\000\040\000I\000m\000p\000l\000e\000m\000e\000n\000t\000a\000t\000i\000o\000n}{chapter.5}% 81
\BOOKMARK [1][-]{section.5.3}{\376\377\000D\000a\000t\000a\000s\000e\000t\000\040\000P\000r\000e\000p\000a\000r\000a\000t\000i\000o\000n}{chapter.5}% 82
\BOOKMARK [2][-]{subsection.5.3.1}{\376\377\000C\000l\000e\000a\000n\000i\000n\000g\000\040\000t\000h\000e\000\040\000r\000a\000w\000\040\000f\000e\000a\000t\000u\000r\000e\000\040\000f\000i\000l\000e\000s}{section.5.3}% 83
\BOOKMARK [2][-]{subsection.5.3.2}{\376\377\000L\000a\000b\000e\000l\000\040\000d\000i\000s\000t\000r\000i\000b\000u\000t\000i\000o\000n\000\040\000a\000n\000d\000\040\000t\000h\000e\000\040\000i\000m\000b\000a\000l\000a\000n\000c\000e\000\040\000p\000r\000o\000b\000l\000e\000m}{section.5.3}% 84
\BOOKMARK [1][-]{section.5.4}{\376\377\000F\000e\000a\000t\000u\000r\000e\000\040\000E\000n\000g\000i\000n\000e\000e\000r\000i\000n\000g\000\040\000a\000n\000d\000\040\000S\000e\000l\000e\000c\000t\000i\000o\000n}{chapter.5}% 85
\BOOKMARK [1][-]{section.5.5}{\376\377\000M\000o\000d\000e\000l\000\040\000D\000e\000v\000e\000l\000o\000p\000m\000e\000n\000t\000\040\000a\000n\000d\000\040\000C\000o\000m\000p\000a\000r\000i\000s\000o\000n}{chapter.5}% 86
\BOOKMARK [1][-]{section.5.6}{\376\377\000B\000e\000n\000c\000h\000m\000a\000r\000k\000\040\000E\000v\000a\000l\000u\000a\000t\000i\000o\000n}{chapter.5}% 87
\BOOKMARK [1][-]{section.5.7}{\376\377\000E\000x\000p\000l\000a\000i\000n\000a\000b\000i\000l\000i\000t\000y\000\040\000w\000i\000t\000h\000\040\000S\000H\000A\000P}{chapter.5}% 88
\BOOKMARK [1][-]{section.5.8}{\376\377\000V\000a\000l\000i\000d\000a\000t\000i\000o\000n\000\040\000o\000n\000\040\000I\000n\000d\000e\000p\000e\000n\000d\000e\000n\000t\000l\000y\000\040\000G\000e\000n\000e\000r\000a\000t\000e\000d\000\040\000T\000r\000a\000f\000f\000i\000c}{chapter.5}% 89
\BOOKMARK [2][-]{subsection.5.8.1}{\376\377\000F\000r\000o\000m\000\040\000b\000e\000n\000c\000h\000m\000a\000r\000k\000\040\000t\000o\000\040\000r\000e\000a\000l\000i\000t\000y\000:\000\040\000t\000h\000e\000\040\000f\000e\000a\000t\000u\000r\000e\000\040\000p\000i\000p\000e\000l\000i\000n\000e}{section.5.8}% 90
\BOOKMARK [2][-]{subsection.5.8.2}{\376\377\000d\000e\000t\000e\000c\000t\000i\000o\000n\000\040\000r\000e\000s\000u\000l\000t\000s\000\040\000P\000e\000r\000-\000a\000t\000t\000a\000c\000k}{section.5.8}% 91
\BOOKMARK [2][-]{subsection.5.8.3}{\376\377\000A\000n\000a\000l\000y\000s\000i\000s\000\040\000o\000f\000\040\000t\000h\000e\000\040\000g\000e\000n\000e\000r\000a\000l\000i\000z\000a\000t\000i\000o\000n\000\040\000g\000a\000p}{section.5.8}% 92
\BOOKMARK [1][-]{section.5.9}{\376\377\000D\000i\000s\000c\000u\000s\000s\000i\000o\000n}{chapter.5}% 93
\BOOKMARK [1][-]{section.5.10}{\376\377\000S\000u\000m\000m\000a\000r\000y}{chapter.5}% 94
\BOOKMARK [0][-]{chapter*.43}{\376\377\000G\000e\000n\000e\000r\000a\000l\000\040\000C\000o\000n\000c\000l\000u\000s\000i\000o\000n\000\040\000a\000n\000d\000\040\000P\000e\000r\000s\000p\000e\000c\000t\000i\000v\000e\000s}{}% 95
\BOOKMARK [0][-]{appendix.A}{\376\377\000C\000I\000C\000F\000l\000o\000w\000M\000e\000t\000e\000r\000\040\000F\000e\000a\000t\000u\000r\000e\000\040\000R\000e\000f\000e\000r\000e\000n\000c\000e}{}% 96
\BOOKMARK [1][-]{appendix.A.1}{\376\377\000F\000l\000o\000w\000\040\000i\000d\000e\000n\000t\000i\000f\000i\000e\000r\000s}{appendix.A}% 97
\BOOKMARK [1][-]{appendix.A.2}{\376\377\000P\000a\000c\000k\000e\000t\000\040\000a\000n\000d\000\040\000b\000y\000t\000e\000\040\000c\000o\000u\000n\000t\000s}{appendix.A}% 98
\BOOKMARK [1][-]{appendix.A.3}{\376\377\000P\000a\000c\000k\000e\000t\000\040\000l\000e\000n\000g\000t\000h\000\040\000s\000t\000a\000t\000i\000s\000t\000i\000c\000s}{appendix.A}% 99
\BOOKMARK [1][-]{appendix.A.4}{\376\377\000F\000l\000o\000w\000\040\000t\000i\000m\000i\000n\000g\000\040\000a\000n\000d\000\040\000i\000n\000t\000e\000r\000-\000a\000r\000r\000i\000v\000a\000l\000\040\000t\000i\000m\000e\000s}{appendix.A}% 100
\BOOKMARK [1][-]{appendix.A.5}{\376\377\000A\000c\000t\000i\000v\000e\000\040\000a\000n\000d\000\040\000i\000d\000l\000e\000\040\000p\000e\000r\000i\000o\000d\000s}{appendix.A}% 101
\BOOKMARK [1][-]{appendix.A.6}{\376\377\000T\000C\000P\000\040\000f\000l\000a\000g\000\040\000c\000o\000u\000n\000t\000s}{appendix.A}% 102
\BOOKMARK [1][-]{appendix.A.7}{\376\377\000H\000e\000a\000d\000e\000r\000\040\000l\000e\000n\000g\000t\000h\000s\000,\000\040\000r\000a\000t\000e\000s\000,\000\040\000a\000n\000d\000\040\000r\000a\000t\000i\000o\000s}{appendix.A}% 103
\BOOKMARK [1][-]{appendix.A.8}{\376\377\000B\000u\000l\000k\000-\000t\000r\000a\000n\000s\000f\000e\000r\000\040\000a\000n\000d\000\040\000c\000o\000n\000n\000e\000c\000t\000i\000o\000n\000-\000w\000i\000n\000d\000o\000w\000\040\000f\000e\000a\000t\000u\000r\000e\000s}{appendix.A}% 104
\BOOKMARK [1][-]{appendix.A.9}{\376\377\000E\000n\000g\000i\000n\000e\000e\000r\000e\000d\000\040\000f\000e\000a\000t\000u\000r\000e\000s}{appendix.A}% 105
\BOOKMARK [1][-]{appendix.A.10}{\376\377\000F\000e\000a\000t\000u\000r\000e\000s\000\040\000r\000e\000m\000o\000v\000e\000d\000\040\000d\000u\000r\000i\000n\000g\000\040\000s\000e\000l\000e\000c\000t\000i\000o\000n}{appendix.A}% 106
\BOOKMARK [0][-]{appendix.B}{\376\377\000M\000o\000d\000e\000l\000\040\000T\000r\000a\000i\000n\000i\000n\000g\000\040\000N\000o\000t\000e\000b\000o\000o\000k}{}% 107
\BOOKMARK [1][-]{appendix.B.1}{\376\377\000C\000o\000n\000t\000e\000n\000t\000s}{appendix.B}% 108
\BOOKMARK [1][-]{appendix.B.2}{\376\377\000E\000x\000p\000o\000r\000t\000e\000d\000\040\000a\000r\000t\000i\000f\000a\000c\000t\000s}{appendix.B}% 109
\BOOKMARK [0][-]{appendix.C}{\376\377\000D\000e\000t\000e\000c\000t\000i\000o\000n\000\040\000a\000n\000d\000\040\000E\000v\000a\000l\000u\000a\000t\000i\000o\000n\000\040\000S\000c\000r\000i\000p\000t\000s}{}% 110
\BOOKMARK [1][-]{appendix.C.1}{\376\377\000S\000c\000r\000i\000p\000t\000s}{appendix.C}% 111
\BOOKMARK [1][-]{appendix.C.2}{\376\377\000F\000e\000a\000t\000u\000r\000e\000\040\000r\000e\000c\000o\000n\000c\000i\000l\000i\000a\000t\000i\000o\000n}{appendix.C}% 112
\BOOKMARK [1][-]{appendix.C.3}{\376\377\000A\000v\000a\000i\000l\000a\000b\000i\000l\000i\000t\000y}{appendix.C}% 113
\BOOKMARK [0][-]{appendix*.46}{\376\377\000R\000e\000f\000e\000r\000e\000n\000c\000e\000s}{}% 114
